      ---mtl3-test0[1:shared]
      ------mtl2unit0[1:shared]
      ---------mtl1unit3[1:shared]
      ------------slice31[1:exclusive]
      ------------slice30[1:exclusive]
      ------------slice29[1:exclusive]
      ------------slice28[1:exclusive]
      ------------slice27[1:exclusive]
      ------------slice26[1:exclusive]
      ------------slice25[1:exclusive]
      ------------slice24[1:exclusive]
      ------------slice23[1:exclusive]
      ------------slice22[1:exclusive]
      ------------slice21[1:exclusive]
      ------------slice20[1:exclusive]
      ------------slice19[1:exclusive]
      ------------slice18[1:exclusive]
      ------------slice17[1:exclusive]
      ------------slice16[1:exclusive]
      ------rack3[1:shared]
      ---------node7[1:shared]
      ------------socket1[1:exclusive]
      ---------------gpu3[1:exclusive]
      ---------------gpu2[1:exclusive]
      ---------------core35[1:exclusive]
      ---------------core34[1:exclusive]
INFO: =============================
INFO: JOBID=1
INFO: RESOURCES=ALLOCATED
INFO: SCHEDULED AT=Now
INFO: =============================
      ---mtl3-test0[1:shared]
      ------mtl2unit0[1:shared]
      ---------mtl1unit2[1:shared]
      ------------slice31[1:exclusive]
      ------------slice30[1:exclusive]
      ------------slice29[1:exclusive]
      ------------slice28[1:exclusive]
      ------------slice27[1:exclusive]
      ------------slice26[1:exclusive]
      ------------slice25[1:exclusive]
      ------------slice24[1:exclusive]
      ------------slice23[1:exclusive]
      ------------slice22[1:exclusive]
      ------------slice21[1:exclusive]
      ------------slice20[1:exclusive]
      ------------slice19[1:exclusive]
      ------------slice18[1:exclusive]
      ------------slice17[1:exclusive]
      ------------slice16[1:exclusive]
      ------rack3[1:shared]
      ---------node7[1:shared]
      ------------socket0[1:exclusive]
      ---------------gpu1[1:exclusive]
      ---------------gpu0[1:exclusive]
      ---------------core17[1:exclusive]
      ---------------core16[1:exclusive]
INFO: =============================
INFO: JOBID=2
INFO: RESOURCES=ALLOCATED
INFO: SCHEDULED AT=Now
INFO: =============================
